// Jest Snapshot v1, https://goo.gl/fbAQLP

exports[`<NotFoundPage /> renders the UI as expected 1`] = `
<section
  className="NotFoundPage"
>
  <h2>
    404 - Page not found
  </h2>
  <h4>
    Fortunately, unlike a corrupted save file, you can just go back to where you last were!
  </h4>
  <p>
    Try going back to the previous page.
  </p>
</section>
`;
