// Jest Snapshot v1, https://goo.gl/fbAQLP

exports[`<LandingPage /> renders the UI as expected 1`] = `
<main
  id="lp_main-flex"
>
  <a
    className="lp_login lp_button"
    href="/login"
    onClick={[Function]}
  >
    Login
  </a>
  <div
    id="Landing_Page__container"
  >
    <h1
      className="logoContainer"
    >
      <a
        className="lp_lp-link signUpKatia landKatia"
        href="/"
        onClick={[Function]}
      >
        Katia
      </a>
    </h1>
    <hr />
    <h2
      className="lp_header"
    >
      Find new teammates. Squad up.
    </h2>
    <a
      className="lp_signup lp_button"
      href="/signup"
      onClick={[Function]}
    >
      Signup
    </a>
    <h3
      className="katiaAbout"
    >
       About 
    </h3>
    <p
      className="aboutPara"
    >
      Katia is a social media application made for gamers by gamers. 
      <br />
       
    </p>
  </div>
</main>
`;
