// Jest Snapshot v1, https://goo.gl/fbAQLP

exports[`<Main /> renders the UI as expected 1`] = `
<section
  className="main__Swipe"
>
  <div
    className="main__Nav"
  >
    <a
      className="main__profile-button"
      href="/profile"
      onClick={[Function]}
    >
      Profile
    </a>
    <a
      className="main__matches-button"
      href="/matches"
      onClick={[Function]}
    >
      Matches
    </a>
  </div>
  <li
    className="main__Swipe-User"
  >
    <img
      alt="avatar"
      className="main__Image"
    />
    <h3 />
    <h4>
      Platforms
    </h4>
    <span />
     
    <h4>
      LFM In
    </h4>
    <span />
    <h4>
      Bio
    </h4>
    <p />
  </li>
  <div
    className="main__Second-Nav"
  >
    <button
      className="main__no-button"
    >
      No
    </button>
    <button
      className="main__yes-button"
    >
      Yes
    </button>
  </div>
</section>
`;
