// Jest Snapshot v1, https://goo.gl/fbAQLP

exports[`<Main /> renders the UI as expected 1`] = `
<section
  className="main__Swipe"
>
  <div
    className="main__Nav"
  >
    <a
      href="/profile"
      onClick={[Function]}
    >
      <img
        alt="profile"
        className="main__profile-button"
        src="user.svg"
      />
    </a>
    <a
      href="/matches"
      onClick={[Function]}
    >
      <img
        alt="contacts"
        className="main__contacts-button"
        src="contacts.svg"
      />
    </a>
  </div>
  <li
    className="main__Swipe-User"
  >
    <img
      alt="avatar"
      className="main__Image"
    />
    <h3 />
    <h4>
      Platforms
    </h4>
    <span />
    <h4>
      LFM In
    </h4>
    <span />
    <img
      alt="down-caret"
      className="main__down-caret"
      src="solid_caret-down.svg"
    />
  </li>
  <div
    className="main__Second-Nav"
  >
    <img
      alt="x"
      className="main__x"
      src="x-circle.svg"
    />
    <img
      alt="checkmark"
      className="main__check"
      src="checkmark-circle-2.svg"
    />
  </div>
</section>
`;
