// Jest Snapshot v1, https://goo.gl/fbAQLP

exports[`<SignupPage /> renders the UI as expected 1`] = `
<main
  id="lp_main-flex"
>
  <a
    className="lp_lp-link"
    href="/"
    onClick={[Function]}
  >
    Project Manhattan
  </a>
  <section
    className="Signup__container"
  >
    <h2
      className="Signup__header"
    >
      Signup
    </h2>
    <form
      className="Signup__form"
      onSubmit={[Function]}
    >
      <div
        role="alert"
      />
      <div
        className="Signup__user_name-div lp_input-div"
      >
        <label
          htmlFor="Signup__user_name"
        >
          User name
        </label>
        <input
          className="lp_input"
          id="Signup__user_name"
          name="user_name"
          required={true}
          type="text"
        />
      </div>
      <div
        className="Signup__display_name-div lp_input-div"
      >
        <label
          htmlFor="Signup__display_name"
        >
          Display Name
        </label>
        <input
          className="lp_input"
          id="Signup__display_name"
          name="display_name"
          required={true}
          type="text"
        />
      </div>
      <div
        className="Signup__password-div lp_input-div"
      >
        <label
          htmlFor="Signup__password"
        >
          Password
        </label>
        <input
          className="lp_input"
          id="Signup__password"
          name="password"
          required={true}
          type="password"
        />
      </div>
      <div
        className="Signup__confirm_password-div lp_input-div"
      >
        <label
          htmlFor="Signup__confirm_password"
        >
          Confirm Password
        </label>
        <input
          className="lp_input"
          id="Signup__confirm_password"
          name="confirm_password"
          required={true}
          type="confirm_password"
        />
      </div>
      <div
        className="Signup__submit-button-div"
      >
        <button
          className="Signup__submit-button lp_button"
          type="submit"
        >
          Sign Up
        </button>
        <p
          className="Signup__or"
        >
          or
        </p>
        <a
          className="Signup__login-link lp_button"
          href="/login"
          onClick={[Function]}
        >
          Login
        </a>
      </div>
    </form>
  </section>
</main>
`;
