// Jest Snapshot v1, https://goo.gl/fbAQLP

exports[`<Login /> renders the UI as expected 1`] = `
<main
  id="lp_main-flex"
>
  <a
    className="lp_lp-link"
    href="/"
    onClick={[Function]}
  >
    Project Manhattan
  </a>
  <section
    className="Login__container"
  >
    <h2
      className="Login__header"
    >
      Login
    </h2>
    <form
      className="Login__form"
      onSubmit={[Function]}
    >
      <div
        role="alert"
      />
      <div
        className="Login__email-div lp_input-div"
      >
        <label
          htmlFor="Login__email"
        >
          Email
        </label>
        <input
          className="lp_input"
          id="Login__email"
          name="email"
          required={true}
        />
      </div>
      <div
        className="Login__password-div lp_input-div"
      >
        <label
          htmlFor="Login__password"
        >
          Password
        </label>
        <input
          className="lp_input"
          id="Login__password"
          name="password"
          required={true}
          type="password"
        />
      </div>
      <div
        className="Login__submit-button-div"
      >
        <button
          className="Login__submit-button lp_button"
          type="submit"
        >
          Login
        </button>
        <p
          className="Login__or"
        >
          or
        </p>
        <a
          className="Login__signup-link lp_button"
          href="/signup"
          onClick={[Function]}
        >
          Sign Up
        </a>
      </div>
    </form>
  </section>
</main>
`;
