// Jest Snapshot v1, https://goo.gl/fbAQLP

exports[`<MainPage /> renders the UI as expected 1`] = `
<main>
  <section
    className="main__Swipe"
  >
    <div
      className="main__Nav"
    >
      <a
        href="/profile"
        onClick={[Function]}
      >
        <img
          alt="profile"
          className="main__profile-button"
          src="user.svg"
        />
      </a>
      <a
        href="/matches"
        onClick={[Function]}
      >
        <img
          alt="contacts"
          className="main__contacts-button"
          src="contacts.svg"
        />
      </a>
    </div>
    <li
      className="main__Swipe-User"
    >
      <img
        alt="avatar"
        className="main__Image"
        src="https://media.vanityfair.com/photos/57e00bc61e9e7cc118c458c7/master/w_2560%2Cc_limit/kanye-west-sad.jpg"
      />
      <h3>
        n00b01
      </h3>
      <h4>
        Platforms
      </h4>
      <span>
        <img
          alt="Xbox logo"
          className="main__xbox"
          src="Xbox_one_logo.svg"
        />
        <img
          alt="Playstation logo"
          className="main__playstation"
          src="Playstation_logo_colour.svg"
        />
        <img
          alt="Nintendo logo"
          className="main__nintendo"
          src="nintendo_logo.png"
        />
        <img
          alt="PC logo"
          className="main__PC"
          src="PC_Keyboard_Mouse_Icon.png"
        />
      </span>
      <h4>
        LFM In
      </h4>
      <span>
        dora adventures
      </span>
      <input
        alt="down-caret"
        onClick={[Function]}
        src="solid_caret-down.svg"
        type="image"
      />
    </li>
    <div
      className="main__Second-Nav"
    >
      <img
        alt="x"
        className="main__x"
        src="x-circle.svg"
      />
      <img
        alt="checkmark"
        className="main__check"
        src="checkmark-circle-2.svg"
      />
    </div>
  </section>
</main>
`;
