// Jest Snapshot v1, https://goo.gl/fbAQLP

exports[`<MainPage /> renders the UI as expected 1`] = `
<main>
  <nav
    className="Header"
  >
    <h1
      className="Header__h1"
    >
      <a
        className="Header__main-button"
        href="/"
        onClick={[Function]}
      >
        Project Manhattan
      </a>
    </h1>
    <div
      className="Header__not-logged-in"
    >
      <a
        className="Header__login-button Header__button"
        href="/login"
        onClick={[Function]}
      >
        Login
      </a>
      <a
        className="Header__signup-button Header__button"
        href="/signup"
        onClick={[Function]}
      >
        Signup
      </a>
    </div>
  </nav>
  <section
    className="mainSwipe"
  >
    <h2
      className="mainSwipeH2"
    >
      Main Page
    </h2>
    <div
      className="mainNav"
    >
      <a
        href="/profile"
        onClick={[Function]}
      >
        Profile
      </a>
      <a
        href="/matches"
        onClick={[Function]}
      >
        Matches
      </a>
    </div>
    <li
      className="mainSwipeUser"
    >
      <img
        alt="avatar"
        className="mainImage"
      />
      <h3 />
      <p />
      <span />
       
      <span />
    </li>
    <div
      className="secondNav"
    >
      <button
        className="noButton"
      >
        No
      </button>
      <button
        className="yesButton"
      >
        Yes
      </button>
    </div>
  </section>
</main>
`;
